// Jest Snapshot v1, https://goo.gl/fbAQLP

exports[`renders correctly 1`] = `
<View>
  <View
    style={
      {
        "alignItems": "center",
        "flexDirection": "row",
        "marginBottom": 10,
      }
    }
  >
    <Text
      style={
        {
          "color": "#E3E3E3",
          "fontSize": 16,
          "fontWeight": "bold",
          "marginRight": 10,
        }
      }
    >
      Plant Name:
    </Text>
    <TextInput
      onChangeText={[Function]}
      style={
        {
          "backgroundColor": "white",
          "borderColor": "gray",
          "borderRadius": 5,
          "borderWidth": 1,
          "flex": 1,
          "height": 40,
          "paddingHorizontal": 10,
        }
      }
      value=""
    />
  </View>
  <View
    style={
      {
        "alignItems": "center",
        "flexDirection": "row",
        "marginBottom": 10,
      }
    }
  >
    <Text
      style={
        {
          "color": "#E3E3E3",
          "fontSize": 16,
          "fontWeight": "bold",
          "marginRight": 10,
        }
      }
    >
      Times Per Week:
    </Text>
    <TextInput
      keyboardType="numeric"
      onChangeText={[Function]}
      style={
        {
          "backgroundColor": "white",
          "borderColor": "gray",
          "borderRadius": 5,
          "borderWidth": 1,
          "flex": 1,
          "height": 40,
          "paddingHorizontal": 10,
        }
      }
      value="0"
    />
  </View>
  <View
    style={
      {
        "alignItems": "center",
        "flexDirection": "row",
        "marginBottom": 10,
      }
    }
  >
    <Text
      style={
        {
          "color": "#E3E3E3",
          "fontSize": 16,
          "fontWeight": "bold",
          "marginRight": 10,
        }
      }
    >
      Amount:
    </Text>
    <TextInput
      keyboardType="numeric"
      onChangeText={[Function]}
      style={
        {
          "backgroundColor": "white",
          "borderColor": "gray",
          "borderRadius": 5,
          "borderWidth": 1,
          "flex": 1,
          "height": 40,
          "paddingHorizontal": 10,
        }
      }
      value="0"
    />
  </View>
  <View
    style={
      {
        "alignItems": "center",
        "flexDirection": "row",
        "marginBottom": 10,
      }
    }
  >
    <Text
      style={
        {
          "color": "#E3E3E3",
          "fontSize": 16,
          "fontWeight": "bold",
          "marginRight": 10,
        }
      }
    >
      Plant Image:
    </Text>
  </View>
  <View
    style={
      {
        "flexDirection": "row",
        "justifyContent": "space-around",
        "marginVertical": 10,
      }
    }
  >
    <Text />
    <View
      accessibilityState={
        {
          "busy": undefined,
          "checked": undefined,
          "disabled": undefined,
          "expanded": undefined,
          "selected": undefined,
        }
      }
      accessibilityValue={
        {
          "max": undefined,
          "min": undefined,
          "now": undefined,
          "text": undefined,
        }
      }
      accessible={true}
      collapsable={false}
      focusable={true}
      onClick={[Function]}
      onResponderGrant={[Function]}
      onResponderMove={[Function]}
      onResponderRelease={[Function]}
      onResponderTerminate={[Function]}
      onResponderTerminationRequest={[Function]}
      onStartShouldSetResponder={[Function]}
      style={
        {
          "opacity": 1,
        }
      }
    >
      <Text />
    </View>
  </View>
  <View>
    <View
      accessibilityState={
        {
          "busy": undefined,
          "checked": undefined,
          "disabled": false,
          "expanded": undefined,
          "selected": undefined,
        }
      }
      accessibilityValue={
        {
          "max": undefined,
          "min": undefined,
          "now": undefined,
          "text": undefined,
        }
      }
      accessible={true}
      collapsable={false}
      focusable={true}
      onBlur={[Function]}
      onClick={[Function]}
      onFocus={[Function]}
      onResponderGrant={[Function]}
      onResponderMove={[Function]}
      onResponderRelease={[Function]}
      onResponderTerminate={[Function]}
      onResponderTerminationRequest={[Function]}
      onStartShouldSetResponder={[Function]}
      style={
        [
          {
            "alignItems": "center",
            "backgroundColor": "white",
            "borderRadius": 10,
            "padding": 10,
          },
          {
            "marginTop": 20,
          },
          false,
        ]
      }
    >
      <Text
        style={
          [
            {
              "color": "black",
            },
            false,
          ]
        }
      >
        Save
      </Text>
    </View>
  </View>
  <View>
    <View
      accessibilityState={
        {
          "busy": undefined,
          "checked": undefined,
          "disabled": false,
          "expanded": undefined,
          "selected": undefined,
        }
      }
      accessibilityValue={
        {
          "max": undefined,
          "min": undefined,
          "now": undefined,
          "text": undefined,
        }
      }
      accessible={true}
      collapsable={false}
      focusable={true}
      onBlur={[Function]}
      onClick={[Function]}
      onFocus={[Function]}
      onResponderGrant={[Function]}
      onResponderMove={[Function]}
      onResponderRelease={[Function]}
      onResponderTerminate={[Function]}
      onResponderTerminationRequest={[Function]}
      onStartShouldSetResponder={[Function]}
      style={
        [
          {
            "alignItems": "center",
            "backgroundColor": "white",
            "borderRadius": 10,
            "padding": 10,
          },
          {
            "marginTop": 20,
          },
          false,
        ]
      }
    >
      <Text
        style={
          [
            {
              "color": "black",
            },
            false,
          ]
        }
      >
        Back
      </Text>
    </View>
  </View>
</View>
`;
